Copyright 1986-2017 Xilinx, Inc. All Rights Reserved.
----------------------------------------------------------------------------------------
| Tool Version : Vivado v.2017.2 (win64) Build 1909853 Thu Jun 15 18:39:09 MDT 2017
| Date         : Mon Dec 16 19:37:29 2024
| Host         : PC_CSDVerisure running 64-bit major release  (build 9200)
| Command      : report_control_sets -verbose -file audioSystem_control_sets_placed.rpt
| Design       : audioSystem
| Device       : xc7a100t
----------------------------------------------------------------------------------------

Control Set Information

Table of Contents
-----------------
1. Summary
2. Flip-Flop Distribution
3. Detailed Control Set Information

1. Summary
----------

+----------------------------------------------------------+-------+
|                          Status                          | Count |
+----------------------------------------------------------+-------+
| Number of unique control sets                            |    28 |
| Unused register locations in slices containing registers |   133 |
+----------------------------------------------------------+-------+


2. Flip-Flop Distribution
-------------------------

+--------------+-----------------------+------------------------+-----------------+--------------+
| Clock Enable | Synchronous Set/Reset | Asynchronous Set/Reset | Total Registers | Total Slices |
+--------------+-----------------------+------------------------+-----------------+--------------+
| No           | No                    | No                     |              51 |           32 |
| No           | No                    | Yes                    |             120 |           37 |
| No           | Yes                   | No                     |              19 |            5 |
| Yes          | No                    | No                     |               0 |            0 |
| Yes          | No                    | Yes                    |             109 |           37 |
| Yes          | Yes                   | No                     |               0 |            0 |
+--------------+-----------------------+------------------------+-----------------+--------------+


3. Detailed Control Set Information
-----------------------------------

+---------------------------------------------+--------------------------------------------------+-------------------------------------------+------------------+----------------+
|                 Clock Signal                |                   Enable Signal                  |              Set/Reset Signal             | Slice Load Count | Bel Load Count |
+---------------------------------------------+--------------------------------------------------+-------------------------------------------+------------------+----------------+
|  u_led_driver/mux1_out[11]                  |                                                  |                                           |                1 |              1 |
|  u_led_driver/mux1_out[15]                  |                                                  |                                           |                1 |              1 |
|  u_led_driver/mux1_out[7]                   |                                                  |                                           |                1 |              1 |
|  u_led_driver/mux1_out[12]                  |                                                  |                                           |                1 |              1 |
|  u_led_driver/mux1_out[14]                  |                                                  |                                           |                1 |              1 |
|  u_led_driver/mux1_out[10]                  |                                                  |                                           |                1 |              1 |
|  u_led_driver/led_next_reg[0]_i_1_n_0       |                                                  |                                           |                1 |              1 |
|  u_led_driver/mux1_out[9]                   |                                                  |                                           |                1 |              1 |
|  u_led_driver/mux1_out[13]                  |                                                  |                                           |                1 |              1 |
|  u_led_driver/mux1_out[8]                   |                                                  |                                           |                1 |              1 |
|  u_led_driver/mux1_out[2]                   |                                                  |                                           |                1 |              1 |
|  u_led_driver/mux1_out[3]                   |                                                  |                                           |                1 |              1 |
|  u_led_driver/mux1_out[4]                   |                                                  |                                           |                1 |              1 |
|  u_led_driver/mux1_out[5]                   |                                                  |                                           |                1 |              1 |
|  u_led_driver/mux1_out[6]                   |                                                  |                                           |                1 |              1 |
|  u_led_driver/mux1_out[1]                   |                                                  |                                           |                1 |              1 |
|  u_clk_12Mhz/inst/clk_12Mhz                 | u_audioInterface/OUTPUT/sample_to_jack_reg[0][0] | rst_IBUF                                  |                3 |              8 |
|  u_clk_12Mhz/inst/clk_12Mhz                 | u_audioInterface/INPUT/data0_reg_0               | rst_IBUF                                  |                2 |              8 |
|  u_clk_12Mhz/inst/clk_12Mhz                 | u_audioInterface/INPUT/data1_reg_2               | rst_IBUF                                  |                3 |              8 |
|  u_clk_12Mhz/inst/clk_12Mhz                 | u_audioInterface/INPUT/sample_out_reg_1          | rst_IBUF                                  |                1 |              8 |
|  u_clk_12Mhz/inst/clk_12Mhz                 | u_controller/E[0]                                | rst_IBUF                                  |                4 |             10 |
|  u_clk_12Mhz/inst/clk_12Mhz                 | u_audioInterface/ENABLES/en_4_cycles_play_enable | rst_IBUF                                  |                3 |             11 |
|  u_clk_12Mhz/inst/clk_12Mhz                 |                                                  |                                           |                8 |             16 |
|  u_clk_12Mhz/inst/clk_12Mhz                 | u_led_driver/led_next_reg[0]_i_1_n_0             | rst_IBUF                                  |                5 |             16 |
|  u_audioInterface/OUTPUT/fin_idx_reg[18][0] |                                                  | u_controller/fin_idx_next_reg[18]_i_3_n_0 |                5 |             19 |
| ~BTNU_IBUF_BUFG                             |                                                  |                                           |                8 |             19 |
|  u_clk_12Mhz/inst/clk_12Mhz                 | u_controller/s_reg4_reg[0][0]                    | rst_IBUF                                  |               16 |             40 |
|  u_clk_12Mhz/inst/clk_12Mhz                 |                                                  | rst_IBUF                                  |               37 |            120 |
+---------------------------------------------+--------------------------------------------------+-------------------------------------------+------------------+----------------+


+--------+-----------------------+
| Fanout | Number of ControlSets |
+--------+-----------------------+
| 1      |                    16 |
| 8      |                     4 |
| 10     |                     1 |
| 11     |                     1 |
| 16+    |                     6 |
+--------+-----------------------+


