#-----------------------------------------------------------
# Webtalk v2017.2 (64-bit)
# SW Build 1909853 on Thu Jun 15 18:39:09 MDT 2017
# IP Build 1909766 on Thu Jun 15 19:58:00 MDT 2017
# Start of session at: Fri Dec 13 12:48:09 2024
# Process ID: 2660
# Current directory: C:/Users/SDverisure/Documents/4_TELECO/DSED_github/DSED/megatest_fit/filterBlockTest/filterBlockTest.sim/sim_1/behav
# Command line: wbtcv.exe -mode batch -source C:/Users/SDverisure/Documents/4_TELECO/DSED_github/DSED/megatest_fit/filterBlockTest/filterBlockTest.sim/sim_1/behav/xsim.dir/tb_RAM_behav/webtalk/xsim_webtalk.tcl -notrace
# Log file: C:/Users/SDverisure/Documents/4_TELECO/DSED_github/DSED/megatest_fit/filterBlockTest/filterBlockTest.sim/sim_1/behav/webtalk.log
# Journal file: C:/Users/SDverisure/Documents/4_TELECO/DSED_github/DSED/megatest_fit/filterBlockTest/filterBlockTest.sim/sim_1/behav\webtalk.jou
#-----------------------------------------------------------
source C:/Users/SDverisure/Documents/4_TELECO/DSED_github/DSED/megatest_fit/filterBlockTest/filterBlockTest.sim/sim_1/behav/xsim.dir/tb_RAM_behav/webtalk/xsim_webtalk.tcl -notrace
