#-----------------------------------------------------------
# Vivado v2017.2 (64-bit)
# SW Build 1909853 on Thu Jun 15 18:39:09 MDT 2017
# IP Build 1909766 on Thu Jun 15 19:58:00 MDT 2017
# Start of session at: Wed Dec 18 12:02:04 2024
# Process ID: 76136
# Current directory: C:/Users/jpgpo/OneDrive - Verisure/Escritorio/Proyecto de VHDL/DSED/filterBlockTest
# Command line: vivado.exe -gui_launcher_event rodinguilauncherevent62900 C:\Users\jpgpo\OneDrive - Verisure\Escritorio\Proyecto de VHDL\DSED\filterBlockTest\filterBlockTest.xpr
# Log file: C:/Users/jpgpo/OneDrive - Verisure/Escritorio/Proyecto de VHDL/DSED/filterBlockTest/vivado.log
# Journal file: C:/Users/jpgpo/OneDrive - Verisure/Escritorio/Proyecto de VHDL/DSED/filterBlockTest\vivado.jou
#-----------------------------------------------------------
start_gui
open_project {C:/Users/jpgpo/OneDrive - Verisure/Escritorio/Proyecto de VHDL/DSED/filterBlockTest/filterBlockTest.xpr}
set_property SOURCE_SET sources_1 [get_filesets sim_1]
add_files -fileset sim_1 -norecurse {{C:/Users/jpgpo/OneDrive - Verisure/Escritorio/Proyecto de VHDL/DSED/read_text.vhd}}
