#-----------------------------------------------------------
# Vivado v2017.2 (64-bit)
# SW Build 1909853 on Thu Jun 15 18:39:09 MDT 2017
# IP Build 1909766 on Thu Jun 15 19:58:00 MDT 2017
# Start of session at: Sun Dec 15 17:21:17 2024
# Process ID: 7932
# Current directory: C:/Users/jaest/OneDrive/Documentos/4_TELECO/DSED/proyecto_dsed_github/DSED/filterBlockTest
# Command line: vivado.exe -gui_launcher_event rodinguilauncherevent13240 C:\Users\jaest\OneDrive\Documentos\4_TELECO\DSED\proyecto_dsed_github\DSED\filterBlockTest\filterBlockTest.xpr
# Log file: C:/Users/jaest/OneDrive/Documentos/4_TELECO/DSED/proyecto_dsed_github/DSED/filterBlockTest/vivado.log
# Journal file: C:/Users/jaest/OneDrive/Documentos/4_TELECO/DSED/proyecto_dsed_github/DSED/filterBlockTest\vivado.jou
#-----------------------------------------------------------
start_gui
open_project C:/Users/jaest/OneDrive/Documentos/4_TELECO/DSED/proyecto_dsed_github/DSED/filterBlockTest/filterBlockTest.xpr
close [ open C:/Users/jaest/OneDrive/Documentos/4_TELECO/DSED/proyecto_dsed_github/DSED/filterBlockTest/filterBlockTest.srcs/sources_1/new/audioSystem.vhd w ]
add_files C:/Users/jaest/OneDrive/Documentos/4_TELECO/DSED/proyecto_dsed_github/DSED/filterBlockTest/filterBlockTest.srcs/sources_1/new/audioSystem.vhd
remove_files  -fileset sim_1 C:/Users/jaest/OneDrive/Documentos/4_TELECO/DSED/proyecto_dsed_github/DSED/filterBlockTest/filterBlockTest.srcs/sim_1/new/audioSystem.vhd
file delete -force C:/Users/jaest/OneDrive/Documentos/4_TELECO/DSED/proyecto_dsed_github/DSED/filterBlockTest/filterBlockTest.srcs/sim_1/new/audioSystem.vhd
set_property SOURCE_SET sources_1 [get_filesets sim_1]
close [ open C:/Users/jaest/OneDrive/Documentos/4_TELECO/DSED/proyecto_dsed_github/DSED/filterBlockTest/filterBlockTest.srcs/sim_1/new/tb_audioSystem.vhd w ]
add_files -fileset sim_1 C:/Users/jaest/OneDrive/Documentos/4_TELECO/DSED/proyecto_dsed_github/DSED/filterBlockTest/filterBlockTest.srcs/sim_1/new/tb_audioSystem.vhd
# Disabling source management mode.  This is to allow the top design properties to be set without GUI intervention.
set_property source_mgmt_mode None [current_project]
set_property top tb_audioSystem [get_filesets sim_1]
set_property top_lib xil_defaultlib [get_filesets sim_1]
# Re-enabling previously disabled source management mode.
set_property source_mgmt_mode DisplayOnly [current_project]
launch_simulation
